// Jest Snapshot v1, https://goo.gl/fbAQLP

exports[`int-errors char-int 1`] = `
Argument age: Got invalid value 'thisisastringwith30characters' on prisma.updateOneUser. Provided String, expected Int or NullableIntFieldUpdateOperationsInput.
type NullableIntFieldUpdateOperationsInput {
  set?: Int
}

`;

exports[`int-errors overflow-int 1`] = `User \`prisma\` was denied access on the database \`tests-signed-int\``;

exports[`int-errors signed-int 1`] = `User \`prisma\` was denied access on the database \`tests-signed-int\``;
